加载数据…
pinn_tp_fit.py:34: FutureWarning: The argument 'infer_datetime_format' is deprecated and will be removed in a future version. A strict version of it is now the default, see https://pandas.pydata.org/pdeps/0004-consistent-to-datetime-parsing.html. You can safely remove this argument.
  return pd.read_csv(
样本数：30000
训练 PINN…
[00001/2000] loss=9.4799e+00 data=9.4799e+00 phys=1.4839e-08 λ_phys=0.100
[00200/2000] loss=6.5745e-01 data=6.5745e-01 phys=3.1030e-08 λ_phys=10.000
[00400/2000] loss=2.5170e-01 data=2.3127e-01 phys=2.0431e-03 λ_phys=10.000
[00600/2000] loss=2.1141e-01 data=1.9283e-01 phys=1.8584e-03 λ_phys=10.000
[00800/2000] loss=3.6196e-01 data=3.5724e-01 phys=4.7195e-04 λ_phys=10.000
[01000/2000] loss=1.4043e-01 data=9.8161e-02 phys=4.2272e-03 λ_phys=10.000
[01200/2000] loss=6.5491e-01 data=6.5487e-01 phys=4.2817e-06 λ_phys=10.000
[01400/2000] loss=6.5815e-01 data=6.5815e-01 phys=2.1850e-07 λ_phys=10.000
[01600/2000] loss=6.5654e-01 data=6.5653e-01 phys=1.6064e-06 λ_phys=10.000
[01800/2000] loss=6.5888e-01 data=6.5888e-01 phys=8.3166e-08 λ_phys=10.000
[02000/2000] loss=6.5885e-01 data=6.5885e-01 phys=8.3484e-08 λ_phys=10.000
训练完成，用时 633.3s
pinn_tp_fit.py:244: UserWarning: Glyph 21387 (\N{CJK UNIFIED IDEOGRAPH-538B}) missing from current font.
  plt.tight_layout()
pinn_tp_fit.py:244: UserWarning: Glyph 21147 (\N{CJK UNIFIED IDEOGRAPH-529B}) missing from current font.
  plt.tight_layout()
pinn_tp_fit.py:244: UserWarning: Glyph 28201 (\N{CJK UNIFIED IDEOGRAPH-6E29}) missing from current font.
  plt.tight_layout()
pinn_tp_fit.py:244: UserWarning: Glyph 24230 (\N{CJK UNIFIED IDEOGRAPH-5EA6}) missing from current font.
  plt.tight_layout()
pinn_tp_fit.py:244: UserWarning: Glyph 35266 (\N{CJK UNIFIED IDEOGRAPH-89C2}) missing from current font.
  plt.tight_layout()
pinn_tp_fit.py:244: UserWarning: Glyph 27979 (\N{CJK UNIFIED IDEOGRAPH-6D4B}) missing from current font.
  plt.tight_layout()
pinn_tp_fit.py:244: UserWarning: Glyph 39044 (\N{CJK UNIFIED IDEOGRAPH-9884}) missing from current font.
  plt.tight_layout()
pinn_tp_fit.py:245: UserWarning: Glyph 21387 (\N{CJK UNIFIED IDEOGRAPH-538B}) missing from current font.
  plt.savefig(out_dir / "pinn_tp_fit.png", dpi=150)
pinn_tp_fit.py:245: UserWarning: Glyph 21147 (\N{CJK UNIFIED IDEOGRAPH-529B}) missing from current font.
  plt.savefig(out_dir / "pinn_tp_fit.png", dpi=150)
pinn_tp_fit.py:245: UserWarning: Glyph 28201 (\N{CJK UNIFIED IDEOGRAPH-6E29}) missing from current font.
  plt.savefig(out_dir / "pinn_tp_fit.png", dpi=150)
pinn_tp_fit.py:245: UserWarning: Glyph 24230 (\N{CJK UNIFIED IDEOGRAPH-5EA6}) missing from current font.
  plt.savefig(out_dir / "pinn_tp_fit.png", dpi=150)
pinn_tp_fit.py:245: UserWarning: Glyph 35266 (\N{CJK UNIFIED IDEOGRAPH-89C2}) missing from current font.
  plt.savefig(out_dir / "pinn_tp_fit.png", dpi=150)
pinn_tp_fit.py:245: UserWarning: Glyph 27979 (\N{CJK UNIFIED IDEOGRAPH-6D4B}) missing from current font.
  plt.savefig(out_dir / "pinn_tp_fit.png", dpi=150)
pinn_tp_fit.py:245: UserWarning: Glyph 39044 (\N{CJK UNIFIED IDEOGRAPH-9884}) missing from current font.
  plt.savefig(out_dir / "pinn_tp_fit.png", dpi=150)
pinn_tp_fit.py:272: UserWarning: Glyph 27531 (\N{CJK UNIFIED IDEOGRAPH-6B8B}) missing from current font.
  plt.tight_layout()
pinn_tp_fit.py:272: UserWarning: Glyph 24046 (\N{CJK UNIFIED IDEOGRAPH-5DEE}) missing from current font.
  plt.tight_layout()
pinn_tp_fit.py:272: UserWarning: Glyph 28909 (\N{CJK UNIFIED IDEOGRAPH-70ED}) missing from current font.
  plt.tight_layout()
pinn_tp_fit.py:272: UserWarning: Glyph 22270 (\N{CJK UNIFIED IDEOGRAPH-56FE}) missing from current font.
  plt.tight_layout()
pinn_tp_fit.py:273: UserWarning: Glyph 27531 (\N{CJK UNIFIED IDEOGRAPH-6B8B}) missing from current font.
  plt.savefig(out_dir / "pinn_residual_heatmap.png", dpi=150)
pinn_tp_fit.py:273: UserWarning: Glyph 24046 (\N{CJK UNIFIED IDEOGRAPH-5DEE}) missing from current font.
  plt.savefig(out_dir / "pinn_residual_heatmap.png", dpi=150)
pinn_tp_fit.py:273: UserWarning: Glyph 28909 (\N{CJK UNIFIED IDEOGRAPH-70ED}) missing from current font.
  plt.savefig(out_dir / "pinn_residual_heatmap.png", dpi=150)
pinn_tp_fit.py:273: UserWarning: Glyph 22270 (\N{CJK UNIFIED IDEOGRAPH-56FE}) missing from current font.
  plt.savefig(out_dir / "pinn_residual_heatmap.png", dpi=150)
pinn_tp_fit.py:287: UserWarning: Glyph 24635 (\N{CJK UNIFIED IDEOGRAPH-603B}) missing from current font.
  plt.tight_layout()
pinn_tp_fit.py:287: UserWarning: Glyph 25439 (\N{CJK UNIFIED IDEOGRAPH-635F}) missing from current font.
  plt.tight_layout()
pinn_tp_fit.py:287: UserWarning: Glyph 22833 (\N{CJK UNIFIED IDEOGRAPH-5931}) missing from current font.
  plt.tight_layout()
pinn_tp_fit.py:287: UserWarning: Glyph 25968 (\N{CJK UNIFIED IDEOGRAPH-6570}) missing from current font.
  plt.tight_layout()
pinn_tp_fit.py:287: UserWarning: Glyph 25454 (\N{CJK UNIFIED IDEOGRAPH-636E}) missing from current font.
  plt.tight_layout()
pinn_tp_fit.py:287: UserWarning: Glyph 29289 (\N{CJK UNIFIED IDEOGRAPH-7269}) missing from current font.
  plt.tight_layout()
pinn_tp_fit.py:287: UserWarning: Glyph 29702 (\N{CJK UNIFIED IDEOGRAPH-7406}) missing from current font.
  plt.tight_layout()
pinn_tp_fit.py:288: UserWarning: Glyph 24635 (\N{CJK UNIFIED IDEOGRAPH-603B}) missing from current font.
  plt.savefig(out_dir / "pinn_losses.png", dpi=150)
pinn_tp_fit.py:288: UserWarning: Glyph 25439 (\N{CJK UNIFIED IDEOGRAPH-635F}) missing from current font.
  plt.savefig(out_dir / "pinn_losses.png", dpi=150)
pinn_tp_fit.py:288: UserWarning: Glyph 22833 (\N{CJK UNIFIED IDEOGRAPH-5931}) missing from current font.
  plt.savefig(out_dir / "pinn_losses.png", dpi=150)
pinn_tp_fit.py:288: UserWarning: Glyph 25968 (\N{CJK UNIFIED IDEOGRAPH-6570}) missing from current font.
  plt.savefig(out_dir / "pinn_losses.png", dpi=150)
pinn_tp_fit.py:288: UserWarning: Glyph 25454 (\N{CJK UNIFIED IDEOGRAPH-636E}) missing from current font.
  plt.savefig(out_dir / "pinn_losses.png", dpi=150)
pinn_tp_fit.py:288: UserWarning: Glyph 29289 (\N{CJK UNIFIED IDEOGRAPH-7269}) missing from current font.
  plt.savefig(out_dir / "pinn_losses.png", dpi=150)
pinn_tp_fit.py:288: UserWarning: Glyph 29702 (\N{CJK UNIFIED IDEOGRAPH-7406}) missing from current font.
  plt.savefig(out_dir / "pinn_losses.png", dpi=150)
pinn_tp_fit.py:296: UserWarning: Glyph 29289 (\N{CJK UNIFIED IDEOGRAPH-7269}) missing from current font.
  plt.tight_layout()
pinn_tp_fit.py:296: UserWarning: Glyph 29702 (\N{CJK UNIFIED IDEOGRAPH-7406}) missing from current font.
  plt.tight_layout()
pinn_tp_fit.py:296: UserWarning: Glyph 25439 (\N{CJK UNIFIED IDEOGRAPH-635F}) missing from current font.
  plt.tight_layout()
pinn_tp_fit.py:296: UserWarning: Glyph 22833 (\N{CJK UNIFIED IDEOGRAPH-5931}) missing from current font.
  plt.tight_layout()
pinn_tp_fit.py:296: UserWarning: Glyph 26435 (\N{CJK UNIFIED IDEOGRAPH-6743}) missing from current font.
  plt.tight_layout()
pinn_tp_fit.py:296: UserWarning: Glyph 37325 (\N{CJK UNIFIED IDEOGRAPH-91CD}) missing from current font.
  plt.tight_layout()
pinn_tp_fit.py:296: UserWarning: Glyph 28436 (\N{CJK UNIFIED IDEOGRAPH-6F14}) missing from current font.
  plt.tight_layout()
pinn_tp_fit.py:296: UserWarning: Glyph 21270 (\N{CJK UNIFIED IDEOGRAPH-5316}) missing from current font.
  plt.tight_layout()
pinn_tp_fit.py:297: UserWarning: Glyph 29289 (\N{CJK UNIFIED IDEOGRAPH-7269}) missing from current font.
  plt.savefig(out_dir / "pinn_lambda_history.png", dpi=150)
pinn_tp_fit.py:297: UserWarning: Glyph 29702 (\N{CJK UNIFIED IDEOGRAPH-7406}) missing from current font.
  plt.savefig(out_dir / "pinn_lambda_history.png", dpi=150)
pinn_tp_fit.py:297: UserWarning: Glyph 25439 (\N{CJK UNIFIED IDEOGRAPH-635F}) missing from current font.
  plt.savefig(out_dir / "pinn_lambda_history.png", dpi=150)
pinn_tp_fit.py:297: UserWarning: Glyph 22833 (\N{CJK UNIFIED IDEOGRAPH-5931}) missing from current font.
  plt.savefig(out_dir / "pinn_lambda_history.png", dpi=150)
pinn_tp_fit.py:297: UserWarning: Glyph 26435 (\N{CJK UNIFIED IDEOGRAPH-6743}) missing from current font.
  plt.savefig(out_dir / "pinn_lambda_history.png", dpi=150)
pinn_tp_fit.py:297: UserWarning: Glyph 37325 (\N{CJK UNIFIED IDEOGRAPH-91CD}) missing from current font.
  plt.savefig(out_dir / "pinn_lambda_history.png", dpi=150)
pinn_tp_fit.py:297: UserWarning: Glyph 28436 (\N{CJK UNIFIED IDEOGRAPH-6F14}) missing from current font.
  plt.savefig(out_dir / "pinn_lambda_history.png", dpi=150)
pinn_tp_fit.py:297: UserWarning: Glyph 21270 (\N{CJK UNIFIED IDEOGRAPH-5316}) missing from current font.
  plt.savefig(out_dir / "pinn_lambda_history.png", dpi=150)
输出完成：figures/，README_pinn_tp.md，模型权重 pinn_tp.pt
